MPLINK 5.08, LINKER
Linker Map File - Created Wed Oct 03 11:22:08 2018

                                 Section Info
                  Section       Type    Address   Location Size(Bytes)
                ---------  ---------  ---------  ---------  ---------
                   .org_0       code   0x000000    program   0x00002e
                   .cinit    romdata   0x00002e    program   0x000002



                              Program Memory Usage 
                               Start         End      
                           ---------   ---------      
                            0x000000    0x00002f      
            48 out of 33048 program addresses used, program memory utilization is 0%



                              Symbols - Sorted by Name
                     Name    Address   Location    Storage File                     
                ---------  ---------  ---------  --------- ---------                
                     DECO   0x000012    program     static C:\Users\Midoriya\Github\Dispositivos\Practicas\Practica 6\Catodo2Bits.X\Codigo.asm
                  SETTING   0x000000    program     static C:\Users\Midoriya\Github\Dispositivos\Practicas\Practica 6\Catodo2Bits.X\Codigo.asm
                    TABLA   0x000024    program     static C:\Users\Midoriya\Github\Dispositivos\Practicas\Practica 6\Catodo2Bits.X\Codigo.asm



                              Symbols - Sorted by Address
                     Name    Address   Location    Storage File                     
                ---------  ---------  ---------  --------- ---------                
                  SETTING   0x000000    program     static C:\Users\Midoriya\Github\Dispositivos\Practicas\Practica 6\Catodo2Bits.X\Codigo.asm
                     DECO   0x000012    program     static C:\Users\Midoriya\Github\Dispositivos\Practicas\Practica 6\Catodo2Bits.X\Codigo.asm
                    TABLA   0x000024    program     static C:\Users\Midoriya\Github\Dispositivos\Practicas\Practica 6\Catodo2Bits.X\Codigo.asm


