MPLINK 5.08, LINKER
Linker Map File - Created Thu Oct 18 12:33:16 2018

                                 Section Info
                  Section       Type    Address   Location Size(Bytes)
                ---------  ---------  ---------  ---------  ---------
                   .org_0       code   0x000000    program   0x000034
                   .cinit    romdata   0x000034    program   0x000002
.config_300001_BUILD/DEFAULT/PRODUCTION/CODIGO.    romdata   0x300001    program   0x000001
.config_300002_BUILD/DEFAULT/PRODUCTION/CODIGO.    romdata   0x300002    program   0x000001
.config_300003_BUILD/DEFAULT/PRODUCTION/CODIGO.    romdata   0x300003    program   0x000001
.config_300005_BUILD/DEFAULT/PRODUCTION/CODIGO.    romdata   0x300005    program   0x000001
.config_300006_BUILD/DEFAULT/PRODUCTION/CODIGO.    romdata   0x300006    program   0x000001
.config_300008_BUILD/DEFAULT/PRODUCTION/CODIGO.    romdata   0x300008    program   0x000001
.config_300009_BUILD/DEFAULT/PRODUCTION/CODIGO.    romdata   0x300009    program   0x000001
.config_30000A_BUILD/DEFAULT/PRODUCTION/CODIGO.    romdata   0x30000a    program   0x000001
.config_30000B_BUILD/DEFAULT/PRODUCTION/CODIGO.    romdata   0x30000b    program   0x000001
.config_30000C_BUILD/DEFAULT/PRODUCTION/CODIGO.    romdata   0x30000c    program   0x000001
.config_30000D_BUILD/DEFAULT/PRODUCTION/CODIGO.    romdata   0x30000d    program   0x000001



                              Program Memory Usage 
                               Start         End      
                           ---------   ---------      
                            0x000000    0x000035      
                            0x300001    0x300003      
                            0x300005    0x300006      
                            0x300008    0x30000d      
            65 out of 33048 program addresses used, program memory utilization is 0%



                              Symbols - Sorted by Name
                     Name    Address   Location    Storage File                     
                ---------  ---------  ---------  --------- ---------                
             INTERMITENTE   0x000026    program     static C:\Users\Midoriya\Desktop\Examen\FloresMelendezIsmael.X\Codigo.asm
                     MAIN   0x000010    program     static C:\Users\Midoriya\Desktop\Examen\FloresMelendezIsmael.X\Codigo.asm
                   PUESTA   0x00001c    program     static C:\Users\Midoriya\Desktop\Examen\FloresMelendezIsmael.X\Codigo.asm
                  SETTING   0x000000    program     static C:\Users\Midoriya\Desktop\Examen\FloresMelendezIsmael.X\Codigo.asm



                              Symbols - Sorted by Address
                     Name    Address   Location    Storage File                     
                ---------  ---------  ---------  --------- ---------                
                  SETTING   0x000000    program     static C:\Users\Midoriya\Desktop\Examen\FloresMelendezIsmael.X\Codigo.asm
                     MAIN   0x000010    program     static C:\Users\Midoriya\Desktop\Examen\FloresMelendezIsmael.X\Codigo.asm
                   PUESTA   0x00001c    program     static C:\Users\Midoriya\Desktop\Examen\FloresMelendezIsmael.X\Codigo.asm
             INTERMITENTE   0x000026    program     static C:\Users\Midoriya\Desktop\Examen\FloresMelendezIsmael.X\Codigo.asm


