MPLINK 5.08, LINKER
Linker Map File - Created Fri Nov 30 08:18:51 2018

                                 Section Info
                  Section       Type    Address   Location Size(Bytes)
                ---------  ---------  ---------  ---------  ---------
                   .org_0       code   0x000000    program   0x0000a2
                   .cinit    romdata   0x0000a2    program   0x000002



                              Program Memory Usage 
                               Start         End      
                           ---------   ---------      
                            0x000000    0x0000a3      
            164 out of 33048 program addresses used, program memory utilization is 0%



                              Symbols - Sorted by Name
                     Name    Address   Location    Storage File                     
                ---------  ---------  ---------  --------- ---------                
                      ASK   0x00009a    program     static C:\Users\Midoriya\Desktop\Otros\Circuito\Clase 1010 MotoraPasos.X\Clase_1010_MaP.asm
                     ASK1   0x00008c    program     static C:\Users\Midoriya\Desktop\Otros\Circuito\Clase 1010 MotoraPasos.X\Clase_1010_MaP.asm
                    Boton   0x000016    program     static C:\Users\Midoriya\Desktop\Otros\Circuito\Clase 1010 MotoraPasos.X\Clase_1010_MaP.asm
                    DELAY   0x000094    program     static C:\Users\Midoriya\Desktop\Otros\Circuito\Clase 1010 MotoraPasos.X\Clase_1010_MaP.asm
                   DELAYB   0x000086    program     static C:\Users\Midoriya\Desktop\Otros\Circuito\Clase 1010 MotoraPasos.X\Clase_1010_MaP.asm
                  Derecha   0x000056    program     static C:\Users\Midoriya\Desktop\Otros\Circuito\Clase 1010 MotoraPasos.X\Clase_1010_MaP.asm
                Izquierda   0x000026    program     static C:\Users\Midoriya\Desktop\Otros\Circuito\Clase 1010 MotoraPasos.X\Clase_1010_MaP.asm
                     OTRA   0x00001a    program     static C:\Users\Midoriya\Desktop\Otros\Circuito\Clase 1010 MotoraPasos.X\Clase_1010_MaP.asm
                  SETTING   0x000000    program     static C:\Users\Midoriya\Desktop\Otros\Circuito\Clase 1010 MotoraPasos.X\Clase_1010_MaP.asm



                              Symbols - Sorted by Address
                     Name    Address   Location    Storage File                     
                ---------  ---------  ---------  --------- ---------                
                  SETTING   0x000000    program     static C:\Users\Midoriya\Desktop\Otros\Circuito\Clase 1010 MotoraPasos.X\Clase_1010_MaP.asm
                    Boton   0x000016    program     static C:\Users\Midoriya\Desktop\Otros\Circuito\Clase 1010 MotoraPasos.X\Clase_1010_MaP.asm
                     OTRA   0x00001a    program     static C:\Users\Midoriya\Desktop\Otros\Circuito\Clase 1010 MotoraPasos.X\Clase_1010_MaP.asm
                Izquierda   0x000026    program     static C:\Users\Midoriya\Desktop\Otros\Circuito\Clase 1010 MotoraPasos.X\Clase_1010_MaP.asm
                  Derecha   0x000056    program     static C:\Users\Midoriya\Desktop\Otros\Circuito\Clase 1010 MotoraPasos.X\Clase_1010_MaP.asm
                   DELAYB   0x000086    program     static C:\Users\Midoriya\Desktop\Otros\Circuito\Clase 1010 MotoraPasos.X\Clase_1010_MaP.asm
                     ASK1   0x00008c    program     static C:\Users\Midoriya\Desktop\Otros\Circuito\Clase 1010 MotoraPasos.X\Clase_1010_MaP.asm
                    DELAY   0x000094    program     static C:\Users\Midoriya\Desktop\Otros\Circuito\Clase 1010 MotoraPasos.X\Clase_1010_MaP.asm
                      ASK   0x00009a    program     static C:\Users\Midoriya\Desktop\Otros\Circuito\Clase 1010 MotoraPasos.X\Clase_1010_MaP.asm


