MPLINK 5.08, LINKER
Linker Map File - Created Fri Nov 30 09:38:43 2018

                                 Section Info
                  Section       Type    Address   Location Size(Bytes)
                ---------  ---------  ---------  ---------  ---------
                   .org_0       code   0x000000    program   0x000004
                   .cinit    romdata   0x000004    program   0x000002
                   .org_1       code   0x000008    program   0x000004
                   .org_2       code   0x000018    program   0x000102



                              Program Memory Usage 
                               Start         End      
                           ---------   ---------      
                            0x000000    0x000005      
                            0x000008    0x00000b      
                            0x000018    0x000119      
            268 out of 33048 program addresses used, program memory utilization is 0%



                              Symbols - Sorted by Name
                     Name    Address   Location    Storage File                     
                ---------  ---------  ---------  --------- ---------                
                      ASK   0x000114    program     static C:\Users\Midoriya\Desktop\Reparaciones\Interrupciones.X\codigo.asm
                     ASK1   0x000062    program     static C:\Users\Midoriya\Desktop\Reparaciones\Interrupciones.X\codigo.asm
                     ASK2   0x00007a    program     static C:\Users\Midoriya\Desktop\Reparaciones\Interrupciones.X\codigo.asm
                     ASK3   0x000028    program     static C:\Users\Midoriya\Desktop\Reparaciones\Interrupciones.X\codigo.asm
                   BACKUP   0x000052    program     static C:\Users\Midoriya\Desktop\Reparaciones\Interrupciones.X\codigo.asm
              BACKUP_BAJA   0x000018    program     static C:\Users\Midoriya\Desktop\Reparaciones\Interrupciones.X\codigo.asm
                    DELAY   0x00010c    program     static C:\Users\Midoriya\Desktop\Reparaciones\Interrupciones.X\codigo.asm
                     MAIN   0x0000d8    program     static C:\Users\Midoriya\Desktop\Reparaciones\Interrupciones.X\codigo.asm
                SALIR_INT   0x0000a2    program     static C:\Users\Midoriya\Desktop\Reparaciones\Interrupciones.X\codigo.asm
           SALIR_INT_BAJA   0x000040    program     static C:\Users\Midoriya\Desktop\Reparaciones\Interrupciones.X\codigo.asm
                  SETTING   0x0000b4    program     static C:\Users\Midoriya\Desktop\Reparaciones\Interrupciones.X\codigo.asm



                              Symbols - Sorted by Address
                     Name    Address   Location    Storage File                     
                ---------  ---------  ---------  --------- ---------                
              BACKUP_BAJA   0x000018    program     static C:\Users\Midoriya\Desktop\Reparaciones\Interrupciones.X\codigo.asm
                     ASK3   0x000028    program     static C:\Users\Midoriya\Desktop\Reparaciones\Interrupciones.X\codigo.asm
           SALIR_INT_BAJA   0x000040    program     static C:\Users\Midoriya\Desktop\Reparaciones\Interrupciones.X\codigo.asm
                   BACKUP   0x000052    program     static C:\Users\Midoriya\Desktop\Reparaciones\Interrupciones.X\codigo.asm
                     ASK1   0x000062    program     static C:\Users\Midoriya\Desktop\Reparaciones\Interrupciones.X\codigo.asm
                     ASK2   0x00007a    program     static C:\Users\Midoriya\Desktop\Reparaciones\Interrupciones.X\codigo.asm
                SALIR_INT   0x0000a2    program     static C:\Users\Midoriya\Desktop\Reparaciones\Interrupciones.X\codigo.asm
                  SETTING   0x0000b4    program     static C:\Users\Midoriya\Desktop\Reparaciones\Interrupciones.X\codigo.asm
                     MAIN   0x0000d8    program     static C:\Users\Midoriya\Desktop\Reparaciones\Interrupciones.X\codigo.asm
                    DELAY   0x00010c    program     static C:\Users\Midoriya\Desktop\Reparaciones\Interrupciones.X\codigo.asm
                      ASK   0x000114    program     static C:\Users\Midoriya\Desktop\Reparaciones\Interrupciones.X\codigo.asm


