MPLINK 5.08, LINKER
Linker Map File - Created Thu Sep 13 07:32:26 2018

                                 Section Info
                  Section       Type    Address   Location Size(Bytes)
                ---------  ---------  ---------  ---------  ---------
                   .org_0       code   0x000000    program   0x000028
                   .cinit    romdata   0x000028    program   0x000002



                              Program Memory Usage 
                               Start         End      
                           ---------   ---------      
                            0x000000    0x000029      
            42 out of 33048 program addresses used, program memory utilization is 0%



                              Symbols - Sorted by Name
                     Name    Address   Location    Storage File                     
                ---------  ---------  ---------  --------- ---------                
                       NO   0x00001c    program     static C:\Users\Midoriya\Github\Dispositivos\Clase\InstruccionesBit.X\Instrucciones.asm
                     ONL1   0x000012    program     static C:\Users\Midoriya\Github\Dispositivos\Clase\InstruccionesBit.X\Instrucciones.asm
                  SETTING   0x000000    program     static C:\Users\Midoriya\Github\Dispositivos\Clase\InstruccionesBit.X\Instrucciones.asm
                       SI   0x000022    program     static C:\Users\Midoriya\Github\Dispositivos\Clase\InstruccionesBit.X\Instrucciones.asm



                              Symbols - Sorted by Address
                     Name    Address   Location    Storage File                     
                ---------  ---------  ---------  --------- ---------                
                  SETTING   0x000000    program     static C:\Users\Midoriya\Github\Dispositivos\Clase\InstruccionesBit.X\Instrucciones.asm
                     ONL1   0x000012    program     static C:\Users\Midoriya\Github\Dispositivos\Clase\InstruccionesBit.X\Instrucciones.asm
                       NO   0x00001c    program     static C:\Users\Midoriya\Github\Dispositivos\Clase\InstruccionesBit.X\Instrucciones.asm
                       SI   0x000022    program     static C:\Users\Midoriya\Github\Dispositivos\Clase\InstruccionesBit.X\Instrucciones.asm


