MPLINK 5.08, LINKER
Linker Map File - Created Thu Nov 29 10:47:12 2018

                                 Section Info
                  Section       Type    Address   Location Size(Bytes)
                ---------  ---------  ---------  ---------  ---------
                   .org_0       code   0x000000    program   0x0000b4
                   .cinit    romdata   0x0000b4    program   0x000002



                              Program Memory Usage 
                               Start         End      
                           ---------   ---------      
                            0x000000    0x0000b5      
            182 out of 33048 program addresses used, program memory utilization is 0%



                              Symbols - Sorted by Name
                     Name    Address   Location    Storage File                     
                ---------  ---------  ---------  --------- ---------                
                     DECO   0x000050    program     static C:\Users\Midoriya\Desktop\Otros\Circuito\SumaResDISPLAY.X\SumaREDISPLAY.asm
                    DECO2   0x000062    program     static C:\Users\Midoriya\Desktop\Otros\Circuito\SumaResDISPLAY.X\SumaREDISPLAY.asm
                    NEGAR   0x0000ae    program     static C:\Users\Midoriya\Desktop\Otros\Circuito\SumaResDISPLAY.X\SumaREDISPLAY.asm
                    RESTA   0x00008e    program     static C:\Users\Midoriya\Desktop\Otros\Circuito\SumaResDISPLAY.X\SumaREDISPLAY.asm
                   SELECT   0x000014    program     static C:\Users\Midoriya\Desktop\Otros\Circuito\SumaResDISPLAY.X\SumaREDISPLAY.asm
                  SETTING   0x000000    program     static C:\Users\Midoriya\Desktop\Otros\Circuito\SumaResDISPLAY.X\SumaREDISPLAY.asm
                     SUMA   0x000074    program     static C:\Users\Midoriya\Desktop\Otros\Circuito\SumaResDISPLAY.X\SumaREDISPLAY.asm
                    TABLA   0x00001e    program     static C:\Users\Midoriya\Desktop\Otros\Circuito\SumaResDISPLAY.X\SumaREDISPLAY.asm
                   TABLA2   0x00003e    program     static C:\Users\Midoriya\Desktop\Otros\Circuito\SumaResDISPLAY.X\SumaREDISPLAY.asm



                              Symbols - Sorted by Address
                     Name    Address   Location    Storage File                     
                ---------  ---------  ---------  --------- ---------                
                  SETTING   0x000000    program     static C:\Users\Midoriya\Desktop\Otros\Circuito\SumaResDISPLAY.X\SumaREDISPLAY.asm
                   SELECT   0x000014    program     static C:\Users\Midoriya\Desktop\Otros\Circuito\SumaResDISPLAY.X\SumaREDISPLAY.asm
                    TABLA   0x00001e    program     static C:\Users\Midoriya\Desktop\Otros\Circuito\SumaResDISPLAY.X\SumaREDISPLAY.asm
                   TABLA2   0x00003e    program     static C:\Users\Midoriya\Desktop\Otros\Circuito\SumaResDISPLAY.X\SumaREDISPLAY.asm
                     DECO   0x000050    program     static C:\Users\Midoriya\Desktop\Otros\Circuito\SumaResDISPLAY.X\SumaREDISPLAY.asm
                    DECO2   0x000062    program     static C:\Users\Midoriya\Desktop\Otros\Circuito\SumaResDISPLAY.X\SumaREDISPLAY.asm
                     SUMA   0x000074    program     static C:\Users\Midoriya\Desktop\Otros\Circuito\SumaResDISPLAY.X\SumaREDISPLAY.asm
                    RESTA   0x00008e    program     static C:\Users\Midoriya\Desktop\Otros\Circuito\SumaResDISPLAY.X\SumaREDISPLAY.asm
                    NEGAR   0x0000ae    program     static C:\Users\Midoriya\Desktop\Otros\Circuito\SumaResDISPLAY.X\SumaREDISPLAY.asm


